Feb-21 14:18:33.166 [main] DEBUG nextflow.cli.Launcher - $> nextflow run scorch_R_test1.nf
Feb-21 14:18:33.269 [main] INFO  nextflow.cli.CmdRun - N E X T F L O W  ~  version 23.10.1
Feb-21 14:18:33.290 [main] DEBUG nextflow.plugin.PluginsFacade - Setting up plugin manager > mode=prod; embedded=false; plugins-dir=/home/kriti/.nextflow/plugins; core-plugins: nf-amazon@2.1.4,nf-azure@1.3.3,nf-cloudcache@0.3.0,nf-codecommit@0.1.5,nf-console@1.0.6,nf-ga4gh@1.1.0,nf-google@1.8.3,nf-tower@1.6.3,nf-wave@1.0.1
Feb-21 14:18:33.301 [main] INFO  o.pf4j.DefaultPluginStatusProvider - Enabled plugins: []
Feb-21 14:18:33.302 [main] INFO  o.pf4j.DefaultPluginStatusProvider - Disabled plugins: []
Feb-21 14:18:33.305 [main] INFO  org.pf4j.DefaultPluginManager - PF4J version 3.4.1 in 'deployment' mode
Feb-21 14:18:33.317 [main] INFO  org.pf4j.AbstractPluginManager - No plugins
Feb-21 14:18:33.390 [main] DEBUG nextflow.cli.CmdRun - Applied DSL=2 from script declararion
Feb-21 14:18:33.409 [main] INFO  nextflow.cli.CmdRun - Launching `scorch_R_test1.nf` [thirsty_bardeen] DSL2 - revision: 90c5b83970
Feb-21 14:18:33.409 [main] DEBUG nextflow.plugin.PluginsFacade - Plugins default=[]
Feb-21 14:18:33.410 [main] DEBUG nextflow.plugin.PluginsFacade - Plugins resolved requirement=[]
Feb-21 14:18:33.420 [main] DEBUG n.secret.LocalSecretsProvider - Secrets store: /home/kriti/.nextflow/secrets/store.json
Feb-21 14:18:33.428 [main] DEBUG nextflow.secret.SecretsLoader - Discovered secrets providers: [nextflow.secret.LocalSecretsProvider@1d61c6dc] - activable => nextflow.secret.LocalSecretsProvider@1d61c6dc
Feb-21 14:18:33.499 [main] DEBUG nextflow.Session - Session UUID: c8f47512-41b1-4439-8464-23247839b10c
Feb-21 14:18:33.499 [main] DEBUG nextflow.Session - Run name: thirsty_bardeen
Feb-21 14:18:33.501 [main] DEBUG nextflow.Session - Executor pool size: 72
Feb-21 14:18:33.532 [main] DEBUG nextflow.file.FilePorter - File porter settings maxRetries=3; maxTransfers=50; pollTimeout=null
Feb-21 14:18:33.538 [main] DEBUG nextflow.util.ThreadPoolBuilder - Creating thread pool 'FileTransfer' minSize=10; maxSize=216; workQueue=LinkedBlockingQueue[10000]; allowCoreThreadTimeout=false
Feb-21 14:18:33.568 [main] DEBUG nextflow.cli.CmdRun - 
  Version: 23.10.1 build 5891
  Created: 12-01-2024 22:01 UTC (17:01 EDT)
  System: Linux 5.4.0-153-generic
  Runtime: Groovy 3.0.19 on OpenJDK 64-Bit Server VM 11.0.13+7-b1751.21
  Encoding: UTF-8 (UTF-8)
  Process: 827671@cantor [127.0.1.1]
  CPUs: 72 - Mem: 1006.5 GB (273 GB) - Swap: 137.3 GB (137.3 GB)
Feb-21 14:18:33.591 [main] DEBUG nextflow.Session - Work-dir: /data/kriti/pipeline_dev/scorch_pipeline_dev/work [ext2/ext3]
Feb-21 14:18:33.592 [main] DEBUG nextflow.Session - Script base path does not exist or is not a directory: /data/kriti/pipeline_dev/scorch_pipeline_dev/bin
Feb-21 14:18:33.602 [main] DEBUG nextflow.executor.ExecutorFactory - Extension executors providers=[]
Feb-21 14:18:33.613 [main] DEBUG nextflow.Session - Observer factory: DefaultObserverFactory
Feb-21 14:18:33.633 [main] DEBUG nextflow.cache.CacheFactory - Using Nextflow cache factory: nextflow.cache.DefaultCacheFactory
Feb-21 14:18:33.643 [main] DEBUG nextflow.util.CustomThreadPool - Creating default thread pool > poolSize: 73; maxThreads: 1000
Feb-21 14:18:33.863 [main] DEBUG nextflow.Session - Session start
Feb-21 14:18:34.461 [main] DEBUG nextflow.script.ScriptRunner - > Launching execution
Feb-21 14:18:34.559 [main] DEBUG nextflow.executor.ExecutorFactory - << taskConfig executor: null
Feb-21 14:18:34.559 [main] DEBUG nextflow.executor.ExecutorFactory - >> processorType: 'local'
Feb-21 14:18:34.565 [main] DEBUG nextflow.executor.Executor - [warm up] executor > local
Feb-21 14:18:34.570 [main] DEBUG n.processor.LocalPollingMonitor - Creating local task monitor for executor 'local' > cpus=72; memory=1006.5 GB; capacity=72; pollInterval=100ms; dumpInterval=5m
Feb-21 14:18:34.572 [main] DEBUG n.processor.TaskPollingMonitor - >>> barrier register (monitor: local)
Feb-21 14:18:34.671 [main] DEBUG nextflow.Session - Workflow process names [dsl2]: loadData
Feb-21 14:18:34.671 [main] DEBUG nextflow.Session - Igniting dataflow network (2)
Feb-21 14:18:34.677 [main] DEBUG nextflow.processor.TaskProcessor - Starting process > loadData
Feb-21 14:18:34.679 [main] DEBUG nextflow.script.ScriptRunner - Parsed script files:
  Script_454032837b238bf2: /data/kriti/pipeline_dev/scorch_pipeline_dev/scorch_R_test1.nf
Feb-21 14:18:34.679 [main] DEBUG nextflow.script.ScriptRunner - > Awaiting termination 
Feb-21 14:18:34.679 [main] DEBUG nextflow.Session - Session await
Feb-21 14:18:34.891 [Task submitter] DEBUG n.executor.local.LocalTaskHandler - Launch cmd line: /bin/bash -ue .command.run
Feb-21 14:18:34.895 [Task submitter] INFO  nextflow.Session - [0d/d8ccdc] Submitted process > loadData (1)
Feb-21 14:23:34.697 [Task monitor] DEBUG n.processor.TaskPollingMonitor - !! executor local > tasks to be completed: 1 -- submitted tasks are shown below
~> TaskHandler[id: 1; name: loadData (1); status: RUNNING; exit: -; error: -; workDir: /data/kriti/pipeline_dev/scorch_pipeline_dev/work/0d/d8ccdcc0ad3da2cfe97dd45815dc1b]
Feb-21 14:24:49.143 [Task monitor] DEBUG n.processor.TaskPollingMonitor - Task completed > TaskHandler[id: 1; name: loadData (1); status: COMPLETED; exit: 0; error: -; workDir: /data/kriti/pipeline_dev/scorch_pipeline_dev/work/0d/d8ccdcc0ad3da2cfe97dd45815dc1b]
Feb-21 14:24:49.210 [Task monitor] DEBUG nextflow.util.ThreadPoolBuilder - Creating thread pool 'PublishDir' minSize=10; maxSize=216; workQueue=LinkedBlockingQueue[10000]; allowCoreThreadTimeout=false
Feb-21 14:24:49.224 [main] DEBUG nextflow.Session - Session await > all processes finished
Feb-21 14:24:49.242 [Task monitor] DEBUG n.processor.TaskPollingMonitor - <<< barrier arrives (monitor: local) - terminating tasks monitor poll loop
Feb-21 14:24:49.243 [main] DEBUG nextflow.Session - Session await > all barriers passed
Feb-21 14:24:50.374 [main] DEBUG nextflow.util.ThreadPoolManager - Thread pool 'PublishDir' shutdown completed (hard=false)
Feb-21 14:24:50.386 [main] DEBUG n.trace.WorkflowStatsObserver - Workflow completed > WorkflowStats[succeededCount=1; failedCount=0; ignoredCount=0; cachedCount=0; pendingCount=0; submittedCount=0; runningCount=0; retriesCount=0; abortedCount=0; succeedDuration=6m 14s; failedDuration=0ms; cachedDuration=0ms;loadCpus=0; loadMemory=0; peakRunning=1; peakCpus=1; peakMemory=0; ]
Feb-21 14:24:50.441 [main] DEBUG nextflow.cache.CacheDB - Closing CacheDB done
Feb-21 14:24:50.455 [main] DEBUG nextflow.util.ThreadPoolManager - Thread pool 'FileTransfer' shutdown completed (hard=false)
Feb-21 14:24:50.456 [main] DEBUG nextflow.script.ScriptRunner - > Execution complete -- Goodbye
